// Jest Snapshot v1, https://goo.gl/fbAQLP

exports[`Sections renders 1`] = `undefined`;

exports[`Sections shows some sections 1`] = `undefined`;
