// Jest Snapshot v1, https://goo.gl/fbAQLP

exports[`StudyGuide renders 1`] = `
Object {
  "asFragment": [Function],
  "baseElement": <body>
    <div>
      <div
        class="sc-hKwDye"
      >
        <h2
          class="sc-dkPtRN djehRW"
        >
          Study Guide
        </h2>
        <div>
          AudioPlayer
        </div>
        <div
          class="sc-gsDKAQ"
        >
          <a
            class="sc-bdvvtL MtoQy"
            download=""
            href="/assets/Study_Guide_-_Civic_Test_2020.pdf"
          >
            ⏬ 
            Study Guide 2020
             ⏬
          </a>
          <a
            class="sc-bdvvtL MtoQy"
            download=""
            href="/assets/128_Civics_Questions_and_Answers_(2020_version).pdf"
          >
            ⏬ 
            128 Civics Q&A
             ⏬
          </a>
        </div>
      </div>
    </div>
  </body>,
  "container": <div>
    <div
      class="sc-hKwDye"
    >
      <h2
        class="sc-dkPtRN djehRW"
      >
        Study Guide
      </h2>
      <div>
        AudioPlayer
      </div>
      <div
        class="sc-gsDKAQ"
      >
        <a
          class="sc-bdvvtL MtoQy"
          download=""
          href="/assets/Study_Guide_-_Civic_Test_2020.pdf"
        >
          ⏬ 
          Study Guide 2020
           ⏬
        </a>
        <a
          class="sc-bdvvtL MtoQy"
          download=""
          href="/assets/128_Civics_Questions_and_Answers_(2020_version).pdf"
        >
          ⏬ 
          128 Civics Q&A
           ⏬
        </a>
      </div>
    </div>
  </div>,
  "debug": [Function],
  "findAllByAltText": [Function],
  "findAllByDisplayValue": [Function],
  "findAllByLabelText": [Function],
  "findAllByPlaceholderText": [Function],
  "findAllByRole": [Function],
  "findAllByTestId": [Function],
  "findAllByText": [Function],
  "findAllByTitle": [Function],
  "findByAltText": [Function],
  "findByDisplayValue": [Function],
  "findByLabelText": [Function],
  "findByPlaceholderText": [Function],
  "findByRole": [Function],
  "findByTestId": [Function],
  "findByText": [Function],
  "findByTitle": [Function],
  "getAllByAltText": [Function],
  "getAllByDisplayValue": [Function],
  "getAllByLabelText": [Function],
  "getAllByPlaceholderText": [Function],
  "getAllByRole": [Function],
  "getAllByTestId": [Function],
  "getAllByText": [Function],
  "getAllByTitle": [Function],
  "getByAltText": [Function],
  "getByDisplayValue": [Function],
  "getByLabelText": [Function],
  "getByPlaceholderText": [Function],
  "getByRole": [Function],
  "getByTestId": [Function],
  "getByText": [Function],
  "getByTitle": [Function],
  "queryAllByAltText": [Function],
  "queryAllByDisplayValue": [Function],
  "queryAllByLabelText": [Function],
  "queryAllByPlaceholderText": [Function],
  "queryAllByRole": [Function],
  "queryAllByTestId": [Function],
  "queryAllByText": [Function],
  "queryAllByTitle": [Function],
  "queryByAltText": [Function],
  "queryByDisplayValue": [Function],
  "queryByLabelText": [Function],
  "queryByPlaceholderText": [Function],
  "queryByRole": [Function],
  "queryByTestId": [Function],
  "queryByText": [Function],
  "queryByTitle": [Function],
  "rerender": [Function],
  "unmount": [Function],
}
`;
