// Jest Snapshot v1, https://goo.gl/fbAQLP

exports[`AudioPlayer renders 1`] = `undefined`;
