// Jest Snapshot v1, https://goo.gl/fbAQLP

exports[`DownloadLink renders 1`] = `undefined`;
