// Jest Snapshot v1, https://goo.gl/fbAQLP

exports[`ModalInfo renders 1`] = `undefined`;
